SUMMARY:
	ROM0: 14163 bytes used / 2221 free
	ROMX: 8448 bytes used / 7936 free in 1 bank

ROM0 bank #0:
	SECTION: $0000-$0006 ($0007 bytes) ["dir-table"]
	         $0000 = dir_table_data
	         $0007 = dir_table_data_end
	EMPTY: $0007-$003f ($0039 bytes)
	SECTION: $0040-$0042 ($0003 bytes) ["VBlank"]
	EMPTY: $0043-$0047 ($0005 bytes)
	SECTION: $0048-$0048 ($0001 byte) ["LCDC"]
	EMPTY: $0049-$004f ($0007 bytes)
	SECTION: $0050-$0052 ($0003 bytes) ["Timer"]
	EMPTY: $0053-$0057 ($0005 bytes)
	SECTION: $0058-$0058 ($0001 byte) ["Serial"]
	EMPTY: $0059-$005f ($0007 bytes)
	SECTION: $0060-$0060 ($0001 byte) ["Joypad"]
	EMPTY: $0061-$00ff ($009f bytes)
	SECTION: $0100-$014f ($0050 bytes) ["Header"]
	         $0100 = EntryPoint
	SECTION: $0150-$1d42 ($1bf3 bytes) ["Game Code"]
	         $0150 = Start
	         $0159 = Start.clearRAMLoop_u1
	         $0163 = Start.DMA_Code_u2
	         $016a = Start.DMA_Wait_u2
	         $016f = Start.Copy_DMA_u2
	         $016f = Start.DMA_End_u2
	         $017c = Start.loop_u2
	         $017f = Start.skip_u2
	         $01a9 = Start.init
	         $01b3 = Start.clearVRAMLoop_u3
	         $01d0 = Start.copyDataLoop_u4
	         $01e1 = Start.copyDataLoop_u5
	         $01fa = Start.studio
	         $020a = Start.loadSplash
	         $021c = Start.copyDataLoop_u6
	         $022d = Start.copyDataLoop_u7
	         $023a = Start.splash
	         $0265 = Start.loadMenu
	         $0277 = Start.copyDataLoop_u8
	         $0288 = Start.copyDataLoop_u9
	         $029c = Start.getLoop_u10
	         $02a7 = Start.getEnd_u10
	         $02b0 = Start.getLoop_u11
	         $02bb = Start.getEnd_u11
	         $02c6 = Start.getLoop_u12
	         $02d1 = Start.getEnd_u12
	         $02da = Start.getLoop_u13
	         $02e5 = Start.getEnd_u13
	         $02f0 = Start.getLoop_u14
	         $02fb = Start.getEnd_u14
	         $0304 = Start.getLoop_u15
	         $030f = Start.getEnd_u15
	         $0318 = Start.getLoop_u16
	         $0323 = Start.getEnd_u16
	         $032c = Start.getLoop_u17
	         $0337 = Start.getEnd_u17
	         $034b = Start.menu
	         $037d = Start.downMenuCheck
	         $038c = Start.getLoop_u19
	         $0397 = Start.getEnd_u19
	         $03a5 = Start.getLoop_u20
	         $03b0 = Start.getEnd_u20
	         $03bc = Start.upMenuCheck_u18
	         $03cb = Start.getLoop_u21
	         $03d6 = Start.getEnd_u21
	         $03e4 = Start.getLoop_u22
	         $03ef = Start.getEnd_u22
	         $03f9 = Start.endCheck_u18
	         $03fc = Start.menuSelection
	         $0403 = Start.getLoop_u23
	         $040e = Start.getEnd_u23
	         $041b = Start.loadCredits
	         $0433 = Start.copyDataLoop_u24
	         $0444 = Start.copyDataLoop_u25
	         $045d = Start.credits
	         $0470 = Start.startGame
	         $0491 = Start.copyDataLoop_u26
	         $04a3 = Start.clearVRAMLoop_u27
	         $04b4 = Start.copyDataLoop_u28
	         $04c5 = Start.copyDataLoop_u29
	         $04e8 = Start.modLoop_u30
	         $0509 = Start.modLoop_u31
	         $052a = Start.modLoop_u32
	         $054b = Start.modLoop_u33
	         $056c = Start.modLoop_u34
	         $058d = Start.modLoop_u35
	         $05ae = Start.modLoop_u36
	         $05cf = Start.modLoop_u37
	         $05f0 = Start.modLoop_u38
	         $0611 = Start.modLoop_u39
	         $0632 = Start.modLoop_u40
	         $0653 = Start.modLoop_u41
	         $067c = Start.modLoop_u42
	         $069d = Start.modLoop_u43
	         $06be = Start.modLoop_u44
	         $06df = Start.modLoop_u45
	         $0700 = Start.modLoop_u46
	         $0721 = Start.modLoop_u47
	         $0742 = Start.modLoop_u48
	         $0763 = Start.modLoop_u49
	         $0784 = Start.modLoop_u50
	         $07a5 = Start.modLoop_u51
	         $07c6 = Start.modLoop_u52
	         $07e7 = Start.modLoop_u53
	         $0810 = Start.modLoop_u54
	         $0831 = Start.modLoop_u55
	         $0852 = Start.modLoop_u56
	         $0873 = Start.modLoop_u57
	         $0894 = Start.modLoop_u58
	         $08b5 = Start.modLoop_u59
	         $08d6 = Start.modLoop_u60
	         $08f7 = Start.modLoop_u61
	         $0918 = Start.modLoop_u62
	         $0939 = Start.modLoop_u63
	         $095a = Start.modLoop_u64
	         $097b = Start.modLoop_u65
	         $09a4 = Start.modLoop_u66
	         $09c5 = Start.modLoop_u67
	         $09e6 = Start.modLoop_u68
	         $0a07 = Start.modLoop_u69
	         $0a28 = Start.modLoop_u70
	         $0a49 = Start.modLoop_u71
	         $0a6a = Start.modLoop_u72
	         $0a8b = Start.modLoop_u73
	         $0aac = Start.modLoop_u74
	         $0acd = Start.modLoop_u75
	         $0aee = Start.modLoop_u76
	         $0b0f = Start.modLoop_u77
	         $0b38 = Start.modLoop_u78
	         $0b59 = Start.modLoop_u79
	         $0b7a = Start.modLoop_u80
	         $0b9b = Start.modLoop_u81
	         $0bbc = Start.modLoop_u82
	         $0bdd = Start.modLoop_u83
	         $0bfe = Start.modLoop_u84
	         $0c1f = Start.modLoop_u85
	         $0c40 = Start.modLoop_u86
	         $0c61 = Start.modLoop_u87
	         $0c82 = Start.modLoop_u88
	         $0ca3 = Start.modLoop_u89
	         $0ccc = Start.modLoop_u90
	         $0ced = Start.modLoop_u91
	         $0d0e = Start.modLoop_u92
	         $0d2f = Start.modLoop_u93
	         $0d50 = Start.modLoop_u94
	         $0d71 = Start.modLoop_u95
	         $0d92 = Start.modLoop_u96
	         $0db3 = Start.modLoop_u97
	         $0dd4 = Start.modLoop_u98
	         $0df5 = Start.modLoop_u99
	         $0e16 = Start.modLoop_u100
	         $0e37 = Start.modLoop_u101
	         $0e60 = Start.modLoop_u102
	         $0e81 = Start.modLoop_u103
	         $0ea2 = Start.modLoop_u104
	         $0ec3 = Start.modLoop_u105
	         $0ee4 = Start.modLoop_u106
	         $0f05 = Start.modLoop_u107
	         $0f26 = Start.modLoop_u108
	         $0f47 = Start.modLoop_u109
	         $0f68 = Start.modLoop_u110
	         $0f89 = Start.modLoop_u111
	         $0faa = Start.modLoop_u112
	         $0fcb = Start.modLoop_u113
	         $0ff4 = Start.modLoop_u114
	         $1015 = Start.modLoop_u115
	         $1036 = Start.modLoop_u116
	         $1057 = Start.modLoop_u117
	         $1078 = Start.modLoop_u118
	         $1099 = Start.modLoop_u119
	         $10ba = Start.modLoop_u120
	         $10db = Start.modLoop_u121
	         $10fc = Start.modLoop_u122
	         $111d = Start.modLoop_u123
	         $113e = Start.modLoop_u124
	         $115f = Start.modLoop_u125
	         $1188 = Start.modLoop_u126
	         $11a9 = Start.modLoop_u127
	         $11ca = Start.modLoop_u128
	         $11eb = Start.modLoop_u129
	         $120c = Start.modLoop_u130
	         $122d = Start.modLoop_u131
	         $124e = Start.modLoop_u132
	         $126f = Start.modLoop_u133
	         $1290 = Start.modLoop_u134
	         $12b1 = Start.modLoop_u135
	         $12d2 = Start.modLoop_u136
	         $12f3 = Start.modLoop_u137
	         $131c = Start.modLoop_u138
	         $133d = Start.modLoop_u139
	         $135e = Start.modLoop_u140
	         $137f = Start.modLoop_u141
	         $13a0 = Start.modLoop_u142
	         $13c1 = Start.modLoop_u143
	         $13e2 = Start.modLoop_u144
	         $1403 = Start.modLoop_u145
	         $1424 = Start.modLoop_u146
	         $1445 = Start.modLoop_u147
	         $1466 = Start.modLoop_u148
	         $1487 = Start.modLoop_u149
	         $14aa = Start.getLoop_u150
	         $14b5 = Start.getEnd_u150
	         $14be = Start.getLoop_u151
	         $14c9 = Start.getEnd_u151
	         $14d4 = Start.getLoop_u152
	         $14df = Start.getEnd_u152
	         $14e8 = Start.getLoop_u153
	         $14f3 = Start.getEnd_u153
	         $14fc = Start.getLoop_u154
	         $1507 = Start.getEnd_u154
	         $1510 = Start.getLoop_u155
	         $151b = Start.getEnd_u155
	         $152a = Start.getLoop_u156
	         $1535 = Start.getEnd_u156
	         $153e = Start.getLoop_u157
	         $1549 = Start.getEnd_u157
	         $1552 = Start.getLoop_u158
	         $155d = Start.getEnd_u158
	         $1566 = Start.getLoop_u159
	         $1571 = Start.getEnd_u159
	         $1579 = Start.loop_u160
	         $1579 = Start.loop
	         $15b3 = Start.rightPadCheck_u162
	         $15c3 = Start.getLoop_u163
	         $15ce = Start.getEnd_u163
	         $15dc = Start.getLoop_u164
	         $15e7 = Start.getEnd_u164
	         $15f3 = Start.leftPadCheck_u162
	         $1603 = Start.getLoop_u165
	         $160e = Start.getEnd_u165
	         $161c = Start.getLoop_u166
	         $1627 = Start.getEnd_u166
	         $1631 = Start.endCheck_u162
	         $1631 = Start.downPadCheck_u167
	         $1641 = Start.getLoop_u168
	         $164c = Start.getEnd_u168
	         $165a = Start.getLoop_u169
	         $1665 = Start.getEnd_u169
	         $1671 = Start.upPadCheck_u167
	         $1681 = Start.getLoop_u170
	         $168c = Start.getEnd_u170
	         $169a = Start.getLoop_u171
	         $16a5 = Start.getEnd_u171
	         $16af = Start.endCheck_u167
	         $16b6 = Start.getLoop_u172
	         $16c1 = Start.getEnd_u172
	         $16c6 = Start.divLoop_u173
	         $16d7 = Start.getLoop_u174
	         $16e2 = Start.getEnd_u174
	         $16e7 = Start.divLoop_u175
	         $16fa = Start.multLoop_u176
	         $1702 = Start.nocarry_u176
	         $1716 = Start.endCheck_u161
	         $171f = Start.aPadCheck_u177
	         $1756 = Start.bottomRightCorner_u178
	         $175f = Start.checkTopWrap_u179
	         $1768 = Start.checkBottomWrap_u179
	         $176f = Start.endCheck_u179
	         $1778 = Start.bottomLeftCorner_u178
	         $1781 = Start.checkTopWrap_u180
	         $178a = Start.checkBottomWrap_u180
	         $1791 = Start.endCheck_u180
	         $179a = Start.topLeftCorner_u178
	         $17a3 = Start.checkTopWrap_u181
	         $17ac = Start.checkBottomWrap_u181
	         $17b3 = Start.endCheck_u181
	         $17bc = Start.topRightCorner_u178
	         $17c5 = Start.checkTopWrap_u182
	         $17ce = Start.checkBottomWrap_u182
	         $17d5 = Start.endCheck_u182
	         $17db = Start.horizontalStraight_u178
	         $17e4 = Start.checkTopWrap_u183
	         $17ed = Start.checkBottomWrap_u183
	         $17f4 = Start.endCheck_u183
	         $17fa = Start.verticalStraight_u178
	         $1803 = Start.checkTopWrap_u184
	         $180c = Start.checkBottomWrap_u184
	         $1813 = Start.endCheck_u184
	         $1819 = Start.endCheck_u178
	         $181c = Start.bPadCheck_u177
	         $1853 = Start.bottomRightCorner_u185
	         $185c = Start.checkTopWrap_u186
	         $1865 = Start.checkBottomWrap_u186
	         $186c = Start.endCheck_u186
	         $1875 = Start.bottomLeftCorner_u185
	         $187e = Start.checkTopWrap_u187
	         $1887 = Start.checkBottomWrap_u187
	         $188e = Start.endCheck_u187
	         $1897 = Start.topLeftCorner_u185
	         $18a0 = Start.checkTopWrap_u188
	         $18a9 = Start.checkBottomWrap_u188
	         $18b0 = Start.endCheck_u188
	         $18b9 = Start.topRightCorner_u185
	         $18c2 = Start.checkTopWrap_u189
	         $18cb = Start.checkBottomWrap_u189
	         $18d2 = Start.endCheck_u189
	         $18d8 = Start.horizontalStraight_u185
	         $18e1 = Start.checkTopWrap_u190
	         $18ea = Start.checkBottomWrap_u190
	         $18f1 = Start.endCheck_u190
	         $18f7 = Start.verticalStraight_u185
	         $1900 = Start.checkTopWrap_u191
	         $1909 = Start.checkBottomWrap_u191
	         $1910 = Start.endCheck_u191
	         $1916 = Start.endCheck_u177
	         $1916 = Start.endCheck_u185
	         $1944 = Start.checkLoop_u192
	         $1945 = Start.loop_u193
	         $1968 = Start.dirUp_u192
	         $1971 = Start.getLoop_u194
	         $197c = Start.getEnd_u194
	         $1987 = Start.getLoop_u195
	         $1992 = Start.getEnd_u195
	         $1997 = Start.divLoop_u196
	         $19a8 = Start.getLoop_u197
	         $19b3 = Start.getEnd_u197
	         $19b8 = Start.divLoop_u198
	         $19cb = Start.multLoop_u199
	         $19d3 = Start.nocarry_u199
	         $1a03 = Start.handleVertical_u200
	         $1a10 = Start.handleHorizontal_u200
	         $1a1b = Start.skip_u200
	         $1a30 = Start.dirRight_u192
	         $1a39 = Start.getLoop_u201
	         $1a44 = Start.getEnd_u201
	         $1a4f = Start.getLoop_u202
	         $1a5a = Start.getEnd_u202
	         $1a5f = Start.divLoop_u203
	         $1a70 = Start.getLoop_u204
	         $1a7b = Start.getEnd_u204
	         $1a80 = Start.divLoop_u205
	         $1a93 = Start.multLoop_u206
	         $1a9b = Start.nocarry_u206
	         $1acb = Start.handleVertical_u207
	         $1ad8 = Start.handleHorizontal_u207
	         $1ae3 = Start.skip_u207
	         $1af8 = Start.dirDown_u192
	         $1b01 = Start.getLoop_u208
	         $1b0c = Start.getEnd_u208
	         $1b17 = Start.getLoop_u209
	         $1b22 = Start.getEnd_u209
	         $1b27 = Start.divLoop_u210
	         $1b38 = Start.getLoop_u211
	         $1b43 = Start.getEnd_u211
	         $1b48 = Start.divLoop_u212
	         $1b5b = Start.multLoop_u213
	         $1b63 = Start.nocarry_u213
	         $1b98 = Start.handleVertical_u214
	         $1ba5 = Start.handleHorizontal_u214
	         $1bb0 = Start.skip_u214
	         $1bc5 = Start.dirLeft_u192
	         $1bce = Start.getLoop_u215
	         $1bd9 = Start.getEnd_u215
	         $1be4 = Start.getLoop_u216
	         $1bef = Start.getEnd_u216
	         $1bf4 = Start.divLoop_u217
	         $1c05 = Start.getLoop_u218
	         $1c10 = Start.getEnd_u218
	         $1c15 = Start.divLoop_u219
	         $1c28 = Start.multLoop_u220
	         $1c30 = Start.nocarry_u220
	         $1c60 = Start.handleVertical_u221
	         $1c6d = Start.handleHorizontal_u221
	         $1c78 = Start.skip_u221
	         $1c8d = Start.failedCheck_u192
	         $1c94 = Start.getLoop_u222
	         $1c9f = Start.getEnd_u222
	         $1caa = Start.getLoop_u223
	         $1cb5 = Start.getEnd_u223
	         $1cbb = Start.passedCheck_u192
	         $1cc0 = Start.end_u192
	         $1ccb = Start.loadSolved
	         $1cf3 = Start.waitSolved
	         $1d1d = Start.debug
	         $1d1f = VBHandler
	         $1d29 = TIHandler
	         $1d33 = TIHandler.timerStudio
	         $1d37 = TIHandler.timerGame
	         $1d40 = TIHandler.timerSkip
	SECTION: $1d43-$3042 ($1300 bytes) ["game-window"]
	         $1d43 = gamewindow_map_data
	         $2143 = gamewindow_tile_data
	         $2143 = gamewindow_map_data_end
	         $3043 = gamewindow_tile_data_end
	SECTION: $3043-$3442 ($0400 bytes) ["menu"]
	         $3043 = menu_map_data
	         $3443 = menu_map_data_end
	SECTION: $3443-$3842 ($0400 bytes) ["credits"]
	         $3443 = credits_map_data
	         $3843 = credits_map_data_end
	EMPTY: $3843-$3fff ($07bd bytes)
	TOTAL EMPTY: $08ad bytes

ROMX bank #1:
	SECTION: $4000-$53ef ($13f0 bytes) ["splash-screen"]
	         $4000 = splashscreen_map_data
	         $4400 = splashscreen_map_data_end
	         $4400 = splashscreen_tile_data
	         $53f0 = splashscreen_tile_data_end
	SECTION: $53f0-$60ff ($0d10 bytes) ["studio-logo"]
	         $53f0 = studiologo_map_data
	         $57f0 = studiologo_tile_data
	         $57f0 = studiologo_map_data_end
	         $6100 = studiologo_tile_data_end
	EMPTY: $6100-$7fff ($1f00 bytes)
	TOTAL EMPTY: $1f00 bytes
